
Notes : 
__________________________________________________________________________________________________________________________________________________________________

The following commands are run from the Git terminal - not inside MYsql.

The Chinook DB is down loaded. (wget )
-> wget https://raw.githubusercontent.com/lerocha/chinook-database/master/ChinookDatabase/DataSources/Chinook_EffiProz_AutoIncrementPKs.sql

Install the DB : 
-> mysql -v < Chinook_MySql_AutoIncrementPKs.sql

Login - mysql 
To chnage the db,
    use DBname
__________________________________________________________________________________________________________________________________________________________________
To show tables;
    show tables

to see details of a table and columns;
    desc tablename

Order in 
Decending use   desc
assending       asc

mysql> show databases
    -> ;
+--------------------+
| Database           |
+--------------------+
| Chinook            |
| information_schema |
| mysql              |
| performance_schema |
| sys                |
+--------------------+
5 rows in set (0.00 sec)

mysql> use Chinook
Database changed
mysql> select MIN(LastName) from Customer;
+---------------+
| MIN(LastName) |
+---------------+
| Almeida       |
+---------------+
1 row in set (0.00 sec)

mysql> show tables
    -> ;
+-------------------+
| Tables_in_Chinook |
+-------------------+
| Album             |
| Artist            |
| Customer          |
| Employee          |
| Genre             |
| Invoice           |
| InvoiceLine       |
| MediaType         |
| Playlist          |
| PlaylistTrack     |
| Track             |
+-------------------+
11 rows in set (0.00 sec)

mysql> slect * from Employee;
ERROR 1064 (42000): You have an error in your SQL syntax; check the manual that corresponds to your MySQL server version for the right syntax to use near 'slect * from Employee' at line 1
mysql> select * from Employee;
+------------+----------+-----------+---------------------+-----------+---------------------+---------------------+-----------------------------+------------+-------+---------+------------+-------------------+-------------------+--------------------------+
| EmployeeId | LastName | FirstName | Title               | ReportsTo | BirthDate           | HireDate            | Address                     | City       | State | Country | PostalCode | Phone             | Fax               | Email                    |
+------------+----------+-----------+---------------------+-----------+---------------------+---------------------+-----------------------------+------------+-------+---------+------------+-------------------+-------------------+--------------------------+
|          1 | Adams    | Andrew    | General Manager     |      NULL | 1962-02-18 00:00:00 | 2002-08-14 00:00:00 | 11120 Jasper Ave NW         | Edmonton   | AB    | Canada  | T5K 2N1    | +1 (780) 428-9482 | +1 (780) 428-3457 | andrew@chinookcorp.com   |
|          2 | Edwards  | Nancy     | Sales Manager       |         1 | 1958-12-08 00:00:00 | 2002-05-01 00:00:00 | 825 8 Ave SW                | Calgary    | AB    | Canada  | T2P 2T3    | +1 (403) 262-3443 | +1 (403) 262-3322 | nancy@chinookcorp.com    |
|          3 | Peacock  | Jane      | Sales Support Agent |         2 | 1973-08-29 00:00:00 | 2002-04-01 00:00:00 | 1111 6 Ave SW               | Calgary    | AB    | Canada  | T2P 5M5    | +1 (403) 262-3443 | +1 (403) 262-6712 | jane@chinookcorp.com     |
|          4 | Park     | Margaret  | Sales Support Agent |         2 | 1947-09-19 00:00:00 | 2003-05-03 00:00:00 | 683 10 Street SW            | Calgary    | AB    | Canada  | T2P 5G3    | +1 (403) 263-4423 | +1 (403) 263-4289 | margaret@chinookcorp.com |
|          5 | Johnson  | Steve     | Sales Support Agent |         2 | 1965-03-03 00:00:00 | 2003-10-17 00:00:00 | 7727B 41 Ave                | Calgary    | AB    | Canada  | T3B 1Y7    | 1 (780) 836-9987  | 1 (780) 836-9543  | steve@chinookcorp.com    |
|          6 | Mitchell | Michael   | IT Manager          |         1 | 1973-07-01 00:00:00 | 2003-10-17 00:00:00 | 5827 Bowness Road NW        | Calgary    | AB    | Canada  | T3B 0C5    | +1 (403) 246-9887 | +1 (403) 246-9899 | michael@chinookcorp.com  |
|          7 | King     | Robert    | IT Staff            |         6 | 1970-05-29 00:00:00 | 2004-01-02 00:00:00 | 590 Columbia Boulevard West | Lethbridge | AB    | Canada  | T1K 5N8    | +1 (403) 456-9986 | +1 (403) 456-8485 | robert@chinookcorp.com   |
|          8 | Callahan | Laura     | IT Staff            |         6 | 1968-01-09 00:00:00 | 2004-03-04 00:00:00 | 923 7 ST NW                 | Lethbridge | AB    | Canada  | T1H 1Y8    | +1 (403) 467-3351 | +1 (403) 467-8772 | laura@chinookcorp.com    |
+------------+----------+-----------+---------------------+-----------+---------------------+---------------------+-----------------------------+------------+-------+---------+------------+-------------------+-------------------+--------------------------+
8 rows in set (0.00 sec)

mysql> select min(BirthDate) from Employee;
+---------------------+
| min(BirthDate)      |
+---------------------+
| 1947-09-19 00:00:00 |
+---------------------+
1 row in set (0.00 sec)

mysql> select Max(BirthDate) from Employee;
+---------------------+
| Max(BirthDate)      |
+---------------------+
| 1973-08-29 00:00:00 |
+---------------------+
1 row in set (0.00 sec)

mysql> desc Employee;
+------------+-------------+------+-----+---------+----------------+
| Field      | Type        | Null | Key | Default | Extra          |
+------------+-------------+------+-----+---------+----------------+
| EmployeeId | int         | NO   | PRI | NULL    | auto_increment |
| LastName   | varchar(20) | NO   |     | NULL    |                |
| FirstName  | varchar(20) | NO   |     | NULL    |                |
| Title      | varchar(30) | YES  |     | NULL    |                |
| ReportsTo  | int         | YES  | MUL | NULL    |                |
| BirthDate  | datetime    | YES  |     | NULL    |                |
| HireDate   | datetime    | YES  |     | NULL    |                |
| Address    | varchar(70) | YES  |     | NULL    |                |
| City       | varchar(40) | YES  |     | NULL    |                |
| State      | varchar(40) | YES  |     | NULL    |                |
| Country    | varchar(40) | YES  |     | NULL    |                |
| PostalCode | varchar(10) | YES  |     | NULL    |                |
| Phone      | varchar(24) | YES  |     | NULL    |                |
| Fax        | varchar(24) | YES  |     | NULL    |                |
| Email      | varchar(60) | YES  |     | NULL    |                |
+------------+-------------+------+-----+---------+----------------+
15 rows in set (0.01 sec)

mysql> select Max(HireDate) from Employee;
+---------------------+
| Max(HireDate)       |
+---------------------+
| 2004-03-04 00:00:00 |
+---------------------+
1 row in set (0.00 sec)

mysql> select avg(Total) from Invoice;
+------------+
| avg(Total) |
+------------+
|   5.651942 |
+------------+
1 row in set (0.00 sec)

mysql> select round(avg(Total), 2) from Invoice;
+----------------------+
| round(avg(Total), 2) |
+----------------------+
|                 5.65 |
+----------------------+
1 row in set (0.00 sec)

mysql> select total from Invoice
    -> where InvoiceId = 2;
+-------+
| total |
+-------+
|  3.96 |
+-------+
1 row in set (0.00 sec)

mysql> select sum(unitPrice * Quantity) from Invoice
    -> where InvoiceId = 2;
ERROR 1054 (42S22): Unknown column 'unitPrice' in 'field list'
mysql> select sum(UnitPrice * Quantity) from Invoice where InvoiceId = 2;
ERROR 1054 (42S22): Unknown column 'UnitPrice' in 'field list'
mysql> select sum(UnitPrice * Quantity) from InvoiceLine where InvoiceId = 2;
+---------------------------+
| sum(UnitPrice * Quantity) |
+---------------------------+
|                      3.96 |
+---------------------------+
1 row in set (0.00 sec)

mysql> desc InvoiceLine
    -> ;
+---------------+---------------+------+-----+---------+----------------+
| Field         | Type          | Null | Key | Default | Extra          |
+---------------+---------------+------+-----+---------+----------------+
| InvoiceLineId | int           | NO   | PRI | NULL    | auto_increment |
| InvoiceId     | int           | NO   | MUL | NULL    |                |
| TrackId       | int           | NO   | MUL | NULL    |                |
| UnitPrice     | decimal(10,2) | NO   |     | NULL    |                |
| Quantity      | int           | NO   |     | NULL    |                |
+---------------+---------------+------+-----+---------+----------------+
5 rows in set (0.00 sec)

mysql> select AlbumId, count(*) from Tracks
    -> group by Album;
ERROR 1146 (42S02): Table 'Chinook.Tracks' doesn't exist
mysql> select AlbumId, count(*) from Track group by Album;
ERROR 1054 (42S22): Unknown column 'Album' in 'group statement'
mysql> select AlbumId, count(*) from Track group by AlbumId;
+---------+----------+
| AlbumId | count(*) |
+---------+----------+
|       1 |       10 |
|       2 |        1 |
|       3 |        3 |
|       4 |        8 |
|       5 |       15 |
|       6 |       13 |
|       7 |       12 |
|       8 |       14 |
|       9 |        8 |
|      10 |       14 |
|      11 |       12 |
|      12 |       12 |
|      13 |        8 |
|      14 |       13 |
|      15 |        5 |
|      16 |        7 |
|      17 |       10 |
|      18 |       17 |
|      19 |       11 |
|      20 |       11 |
|      21 |       18 |
|      22 |        3 |
|      23 |       34 |
|      24 |       23 |
|      25 |       13 |
|      26 |       17 |
|      27 |       14 |
|      28 |       10 |
|      29 |       14 |
|      30 |       14 |
|      31 |        9 |
|      32 |       14 |
|      33 |       17 |
|      34 |       17 |
|      35 |       11 |
|      36 |       17 |
|      37 |       20 |
|      38 |       12 |
|      39 |       21 |
|      40 |       12 |
|      41 |       14 |
|      42 |       14 |
|      43 |        7 |
|      44 |        6 |
|      45 |       14 |
|      46 |       13 |
|      47 |       14 |
|      48 |       13 |
|      49 |       10 |
|      50 |        4 |
|      51 |       22 |
|      52 |       15 |
|      53 |       14 |
|      54 |       20 |
|      55 |       20 |
|      56 |       15 |
|      57 |       15 |
|      58 |        9 |
|      59 |        7 |
|      60 |        7 |
|      61 |       11 |
|      62 |        7 |
|      63 |       12 |
|      64 |        9 |
|      65 |        9 |
|      66 |       10 |
|      67 |       16 |
|      68 |        9 |
|      69 |       13 |
|      70 |       13 |
|      71 |       14 |
|      72 |       18 |
|      73 |       30 |
|      74 |       12 |
|      75 |       14 |
|      76 |       15 |
|      77 |       11 |
|      78 |       14 |
|      79 |       10 |
|      80 |       10 |
|      81 |       11 |
|      82 |       13 |
|      83 |       24 |
|      84 |       16 |
|      85 |       14 |
|      86 |       15 |
|      87 |        3 |
|      88 |       12 |
|      89 |       13 |
|      90 |       12 |
|      91 |       16 |
|      92 |       14 |
|      93 |       13 |
|      94 |       11 |
|      95 |       12 |
|      96 |       11 |
|      97 |       10 |
|      98 |       11 |
|      99 |       12 |
|     100 |        9 |
|     101 |       10 |
|     102 |       18 |
|     103 |       10 |
|     104 |       10 |
|     105 |       10 |
|     106 |        9 |
|     107 |        8 |
|     108 |       10 |
|     109 |        9 |
|     110 |        8 |
|     111 |        8 |
|     112 |        8 |
|     113 |       11 |
|     114 |        8 |
|     115 |       20 |
|     116 |       10 |
|     117 |       11 |
|     118 |       11 |
|     119 |       13 |
|     120 |       17 |
|     121 |       10 |
|     122 |       14 |
|     123 |       12 |
|     124 |       14 |
|     125 |       16 |
|     126 |       15 |
|     127 |       10 |
|     128 |        8 |
|     129 |        8 |
|     130 |        7 |
|     131 |        8 |
|     132 |        9 |
|     133 |        9 |
|     134 |       10 |
|     135 |        9 |
|     136 |        7 |
|     137 |        5 |
|     138 |        4 |
|     139 |       15 |
|     140 |       16 |
|     141 |       57 |
|     142 |       14 |
|     143 |       14 |
|     144 |       10 |
|     145 |       18 |
|     146 |       18 |
|     147 |       10 |
|     148 |       12 |
|     149 |       16 |
|     150 |       10 |
|     151 |       14 |
|     152 |        8 |
|     153 |       13 |
|     154 |        8 |
|     155 |       11 |
|     156 |        9 |
|     157 |       14 |
|     158 |       13 |
|     159 |       13 |
|     160 |       15 |
|     161 |       12 |
|     162 |       17 |
|     163 |       17 |
|     164 |       12 |
|     165 |       15 |
|     166 |       14 |
|     167 |       21 |
|     168 |       12 |
|     169 |       16 |
|     170 |        1 |
|     171 |        2 |
|     172 |        1 |
|     173 |        2 |
|     174 |       14 |
|     175 |       12 |
|     176 |       14 |
|     177 |       10 |
|     178 |       16 |
|     179 |       13 |
|     180 |       15 |
|     181 |       11 |
|     182 |       12 |
|     183 |        9 |
|     184 |       16 |
|     185 |       17 |
|     186 |       11 |
|     187 |       11 |
|     188 |       11 |
|     189 |       14 |
|     190 |       16 |
|     191 |       10 |
|     192 |       14 |
|     193 |       17 |
|     194 |       16 |
|     195 |       15 |
|     196 |       14 |
|     197 |        8 |
|     198 |        6 |
|     199 |       12 |
|     200 |       11 |
|     201 |       16 |
|     202 |       18 |
|     203 |       17 |
|     204 |        9 |
|     205 |       10 |
|     206 |       12 |
|     207 |       11 |
|     208 |        7 |
|     209 |       10 |
|     210 |        9 |
|     211 |       18 |
|     212 |       12 |
|     213 |       18 |
|     214 |       11 |
|     215 |       14 |
|     216 |       12 |
|     217 |       14 |
|     218 |       15 |
|     219 |       15 |
|     220 |       11 |
|     221 |       20 |
|     222 |       15 |
|     223 |       15 |
|     224 |       22 |
|     225 |       16 |
|     226 |        1 |
|     227 |       19 |
|     228 |       23 |
|     229 |       26 |
|     230 |       25 |
|     231 |       24 |
|     232 |       12 |
|     233 |       11 |
|     234 |       15 |
|     235 |       11 |
|     236 |       12 |
|     237 |       17 |
|     238 |       14 |
|     239 |       10 |
|     240 |       10 |
|     241 |       14 |
|     242 |       12 |
|     243 |       17 |
|     244 |       11 |
|     245 |       12 |
|     246 |       13 |
|     247 |       15 |
|     248 |       19 |
|     249 |        6 |
|     250 |       22 |
|     251 |       25 |
|     252 |        1 |
|     253 |       24 |
|     254 |        1 |
|     255 |       23 |
|     256 |       12 |
|     257 |       12 |
|     258 |       19 |
|     259 |       17 |
|     260 |        1 |
|     261 |       17 |
|     262 |        2 |
|     263 |        2 |
|     264 |        2 |
|     265 |        2 |
|     266 |        1 |
|     267 |        1 |
|     268 |        1 |
|     269 |       10 |
|     270 |       14 |
|     271 |       14 |
|     272 |        1 |
|     273 |        1 |
|     274 |        1 |
|     275 |        1 |
|     276 |        1 |
|     277 |        1 |
|     278 |        1 |
|     279 |        1 |
|     280 |        2 |
|     281 |        1 |
|     282 |        1 |
|     283 |        1 |
|     284 |        1 |
|     285 |        1 |
|     286 |        1 |
|     287 |        1 |
|     288 |        1 |
|     289 |        1 |
|     290 |        1 |
|     291 |        1 |
|     292 |        1 |
|     293 |        1 |
|     294 |        1 |
|     295 |        1 |
|     296 |        1 |
|     297 |        1 |
|     298 |        1 |
|     299 |        1 |
|     300 |        1 |
|     301 |        1 |
|     302 |        1 |
|     303 |        1 |
|     304 |        1 |
|     305 |        1 |
|     306 |        1 |
|     307 |        1 |
|     308 |        1 |
|     309 |        1 |
|     310 |        1 |
|     311 |        1 |
|     312 |        1 |
|     313 |        1 |
|     314 |        2 |
|     315 |        1 |
|     316 |        1 |
|     317 |        1 |
|     318 |        1 |
|     319 |        1 |
|     320 |        1 |
|     321 |       12 |
|     322 |       11 |
|     323 |        1 |
|     324 |        1 |
|     325 |        1 |
|     326 |        1 |
|     327 |        1 |
|     328 |        1 |
|     329 |        1 |
|     330 |        1 |
|     331 |        1 |
|     332 |        1 |
|     333 |        1 |
|     334 |        1 |
|     335 |        1 |
|     336 |        1 |
|     337 |        1 |
|     338 |        1 |
|     339 |        1 |
|     340 |        1 |
|     341 |        1 |
|     342 |        1 |
|     343 |        1 |
|     344 |        1 |
|     345 |        1 |
|     346 |        1 |
|     347 |        1 |
+---------+----------+
347 rows in set (0.00 sec)

mysql> select Album.Title, count(*) from Track
    -> inner join Album on Track.AlbumId = Album.AlbumId
    -> group by Track.AlbumId;
+-------------------------------------------------------------------------------------------------+----------+
| Title                                                                                           | count(*) |
+-------------------------------------------------------------------------------------------------+----------+
| For Those About To Rock We Salute You                                                           |       10 |
| Balls to the Wall                                                                               |        1 |
| Restless and Wild                                                                               |        3 |
| Let There Be Rock                                                                               |        8 |
| Big Ones                                                                                        |       15 |
| Jagged Little Pill                                                                              |       13 |
| Facelift                                                                                        |       12 |
| Warner 25 Anos                                                                                  |       14 |
| Plays Metallica By Four Cellos                                                                  |        8 |
| Audioslave                                                                                      |       14 |
| Out Of Exile                                                                                    |       12 |
| BackBeat Soundtrack                                                                             |       12 |
| The Best Of Billy Cobham                                                                        |        8 |
| Alcohol Fueled Brewtality Live! [Disc 1]                                                        |       13 |
| Alcohol Fueled Brewtality Live! [Disc 2]                                                        |        5 |
| Black Sabbath                                                                                   |        7 |
| Black Sabbath Vol. 4 (Remaster)                                                                 |       10 |
| Body Count                                                                                      |       17 |
| Chemical Wedding                                                                                |       11 |
| The Best Of Buddy Guy - The Millenium Collection                                                |       11 |
| Prenda Minha                                                                                    |       18 |
| Sozinho Remix Ao Vivo                                                                           |        3 |
| Minha Historia                                                                                  |       34 |
| Afrociberdelia                                                                                  |       23 |
| Da Lama Ao Caos                                                                                 |       13 |
| Acústico MTV [Live]                                                                             |       17 |
| Cidade Negra - Hits                                                                             |       14 |
| Na Pista                                                                                        |       10 |
| Axé Bahia 2001                                                                                  |       14 |
| BBC Sessions [Disc 1] [Live]                                                                    |       14 |
| Bongo Fury                                                                                      |        9 |
| Carnaval 2001                                                                                   |       14 |
| Chill: Brazil (Disc 1)                                                                          |       17 |
| Chill: Brazil (Disc 2)                                                                          |       17 |
| Garage Inc. (Disc 1)                                                                            |       11 |
| Greatest Hits II                                                                                |       17 |
| Greatest Kiss                                                                                   |       20 |
| Heart of the Night                                                                              |       12 |
| International Superhits                                                                         |       21 |
| Into The Light                                                                                  |       12 |
| Meus Momentos                                                                                   |       14 |
| Minha História                                                                                  |       14 |
| MK III The Final Concerts [Disc 1]                                                              |        7 |
| Physical Graffiti [Disc 1]                                                                      |        6 |
| Sambas De Enredo 2001                                                                           |       14 |
| Supernatural                                                                                    |       13 |
| The Best of Ed Motta                                                                            |       14 |
| The Essential Miles Davis [Disc 1]                                                              |       13 |
| The Essential Miles Davis [Disc 2]                                                              |       10 |
| The Final Concerts (Disc 2)                                                                     |        4 |
| Up An' Atom                                                                                     |       22 |
| Vinícius De Moraes - Sem Limite                                                                 |       15 |
| Vozes do MPB                                                                                    |       14 |
| Chronicle, Vol. 1                                                                               |       20 |
| Chronicle, Vol. 2                                                                               |       20 |
| Cássia Eller - Coleção Sem Limite [Disc 2]                                                      |       15 |
| Cássia Eller - Sem Limite [Disc 1]                                                              |       15 |
| Come Taste The Band                                                                             |        9 |
| Deep Purple In Rock                                                                             |        7 |
| Fireball                                                                                        |        7 |
| Knocking at Your Back Door: The Best Of Deep Purple in the 80's                                 |       11 |
| Machine Head                                                                                    |        7 |
| Purpendicular                                                                                   |       12 |
| Slaves And Masters                                                                              |        9 |
| Stormbringer                                                                                    |        9 |
| The Battle Rages On                                                                             |       10 |
| Vault: Def Leppard's Greatest Hits                                                              |       16 |
| Outbreak                                                                                        |        9 |
| Djavan Ao Vivo - Vol. 02                                                                        |       13 |
| Djavan Ao Vivo - Vol. 1                                                                         |       13 |
| Elis Regina-Minha História                                                                      |       14 |
| The Cream Of Clapton                                                                            |       18 |
| Unplugged                                                                                       |       30 |
| Album Of The Year                                                                               |       12 |
| Angel Dust                                                                                      |       14 |
| King For A Day Fool For A Lifetime                                                              |       15 |
| The Real Thing                                                                                  |       11 |
| Deixa Entrar                                                                                    |       14 |
| In Your Honor [Disc 1]                                                                          |       10 |
| In Your Honor [Disc 2]                                                                          |       10 |
| One By One                                                                                      |       11 |
| The Colour And The Shape                                                                        |       13 |
| My Way: The Best Of Frank Sinatra [Disc 1]                                                      |       24 |
| Roda De Funk                                                                                    |       16 |
| As Canções de Eu Tu Eles                                                                        |       14 |
| Quanta Gente Veio Ver (Live)                                                                    |       15 |
| Quanta Gente Veio ver--Bônus De Carnaval                                                        |        3 |
| Faceless                                                                                        |       12 |
| American Idiot                                                                                  |       13 |
| Appetite for Destruction                                                                        |       12 |
| Use Your Illusion I                                                                             |       16 |
| Use Your Illusion II                                                                            |       14 |
| Blue Moods                                                                                      |       13 |
| A Matter of Life and Death                                                                      |       11 |
| A Real Dead One                                                                                 |       12 |
| A Real Live One                                                                                 |       11 |
| Brave New World                                                                                 |       10 |
| Dance Of Death                                                                                  |       11 |
| Fear Of The Dark                                                                                |       12 |
| Iron Maiden                                                                                     |        9 |
| Killers                                                                                         |       10 |
| Live After Death                                                                                |       18 |
| Live At Donington 1992 (Disc 1)                                                                 |       10 |
| Live At Donington 1992 (Disc 2)                                                                 |       10 |
| No Prayer For The Dying                                                                         |       10 |
| Piece Of Mind                                                                                   |        9 |
| Powerslave                                                                                      |        8 |
| Rock In Rio [CD1]                                                                               |       10 |
| Rock In Rio [CD2]                                                                               |        9 |
| Seventh Son of a Seventh Son                                                                    |        8 |
| Somewhere in Time                                                                               |        8 |
| The Number of The Beast                                                                         |        8 |
| The X Factor                                                                                    |       11 |
| Virtual XI                                                                                      |        8 |
| Sex Machine                                                                                     |       20 |
| Emergency On Planet Earth                                                                       |       10 |
| Synkronized                                                                                     |       11 |
| The Return Of The Space Cowboy                                                                  |       11 |
| Get Born                                                                                        |       13 |
| Are You Experienced?                                                                            |       17 |
| Surfing with the Alien (Remastered)                                                             |       10 |
| Jorge Ben Jor 25 Anos                                                                           |       14 |
| Jota Quest-1995                                                                                 |       12 |
| Cafezinho                                                                                       |       14 |
| Living After Midnight                                                                           |       16 |
| Unplugged [Live]                                                                                |       15 |
| BBC Sessions [Disc 2] [Live]                                                                    |       10 |
| Coda                                                                                            |        8 |
| Houses Of The Holy                                                                              |        8 |
| In Through The Out Door                                                                         |        7 |
| IV                                                                                              |        8 |
| Led Zeppelin I                                                                                  |        9 |
| Led Zeppelin II                                                                                 |        9 |
| Led Zeppelin III                                                                                |       10 |
| Physical Graffiti [Disc 2]                                                                      |        9 |
| Presence                                                                                        |        7 |
| The Song Remains The Same (Disc 1)                                                              |        5 |
| The Song Remains The Same (Disc 2)                                                              |        4 |
| A TempestadeTempestade Ou O Livro Dos Dias                                                      |       15 |
| Mais Do Mesmo                                                                                   |       16 |
| Greatest Hits                                                                                   |       57 |
| Lulu Santos - RCA 100 Anos De Música - Álbum 01                                                 |       14 |
| Lulu Santos - RCA 100 Anos De Música - Álbum 02                                                 |       14 |
| Misplaced Childhood                                                                             |       10 |
| Barulhinho Bom                                                                                  |       18 |
| Seek And Shall Find: More Of The Best (1963-1981)                                               |       18 |
| The Best Of Men At Work                                                                         |       10 |
| Black Album                                                                                     |       12 |
| Garage Inc. (Disc 2)                                                                            |       16 |
| Kill 'Em All                                                                                    |       10 |
| Load                                                                                            |       14 |
| Master Of Puppets                                                                               |        8 |
| ReLoad                                                                                          |       13 |
| Ride The Lightning                                                                              |        8 |
| St. Anger                                                                                       |       11 |
| ...And Justice For All                                                                          |        9 |
| Miles Ahead                                                                                     |       14 |
| Milton Nascimento Ao Vivo                                                                       |       13 |
| Minas                                                                                           |       13 |
| Ace Of Spades                                                                                   |       15 |
| Demorou...                                                                                      |       12 |
| Motley Crue Greatest Hits                                                                       |       17 |
| From The Muddy Banks Of The Wishkah [Live]                                                      |       17 |
| Nevermind                                                                                       |       12 |
| Compositores                                                                                    |       15 |
| Olodum                                                                                          |       14 |
| Acústico MTV                                                                                    |       21 |
| Arquivo II                                                                                      |       12 |
| Arquivo Os Paralamas Do Sucesso                                                                 |       16 |
| Bark at the Moon (Remastered)                                                                   |        1 |
| Blizzard of Ozz                                                                                 |        2 |
| Diary of a Madman (Remastered)                                                                  |        1 |
| No More Tears (Remastered)                                                                      |        2 |
| Tribute                                                                                         |       14 |
| Walking Into Clarksdale                                                                         |       12 |
| Original Soundtracks 1                                                                          |       14 |
| The Beast Live                                                                                  |       10 |
| Live On Two Legs [Live]                                                                         |       16 |
| Pearl Jam                                                                                       |       13 |
| Riot Act                                                                                        |       15 |
| Ten                                                                                             |       11 |
| Vs.                                                                                             |       12 |
| Dark Side Of The Moon                                                                           |        9 |
| Os Cães Ladram Mas A Caravana Não Pára                                                          |       16 |
| Greatest Hits I                                                                                 |       17 |
| News Of The World                                                                               |       11 |
| Out Of Time                                                                                     |       11 |
| Green                                                                                           |       11 |
| New Adventures In Hi-Fi                                                                         |       14 |
| The Best Of R.E.M.: The IRS Years                                                               |       16 |
| Cesta Básica                                                                                    |       10 |
| Raul Seixas                                                                                     |       14 |
| Blood Sugar Sex Magik                                                                           |       17 |
| By The Way                                                                                      |       16 |
| Californication                                                                                 |       15 |
| Retrospective I (1974-1980)                                                                     |       14 |
| Santana - As Years Go By                                                                        |        8 |
| Santana Live                                                                                    |        6 |
| Maquinarama                                                                                     |       12 |
| O Samba Poconé                                                                                  |       11 |
| Judas 0: B-Sides and Rarities                                                                   |       16 |
| Rotten Apples: Greatest Hits                                                                    |       18 |
| A-Sides                                                                                         |       17 |
| Morning Dance                                                                                   |        9 |
| In Step                                                                                         |       10 |
| Core                                                                                            |       12 |
| Mezmerize                                                                                       |       11 |
| [1997] Black Light Syndrome                                                                     |        7 |
| Live [Disc 1]                                                                                   |       10 |
| Live [Disc 2]                                                                                   |        9 |
| The Singles                                                                                     |       18 |
| Beyond Good And Evil                                                                            |       12 |
| Pure Cult: The Best Of The Cult (For Rockers, Ravers, Lovers & Sinners) [UK]                    |       18 |
| The Doors                                                                                       |       11 |
| The Police Greatest Hits                                                                        |       14 |
| Hot Rocks, 1964-1971 (Disc 1)                                                                   |       12 |
| No Security                                                                                     |       14 |
| Voodoo Lounge                                                                                   |       15 |
| Tangents                                                                                        |       15 |
| Transmission                                                                                    |       11 |
| My Generation - The Very Best Of The Who                                                        |       20 |
| Serie Sem Limite (Disc 1)                                                                       |       15 |
| Serie Sem Limite (Disc 2)                                                                       |       15 |
| Acústico                                                                                        |       22 |
| Volume Dois                                                                                     |       16 |
| Battlestar Galactica: The Story So Far                                                          |        1 |
| Battlestar Galactica, Season 3                                                                  |       19 |
| Heroes, Season 1                                                                                |       23 |
| Lost, Season 3                                                                                  |       26 |
| Lost, Season 1                                                                                  |       25 |
| Lost, Season 2                                                                                  |       24 |
| Achtung Baby                                                                                    |       12 |
| All That You Can't Leave Behind                                                                 |       11 |
| B-Sides 1980-1990                                                                               |       15 |
| How To Dismantle An Atomic Bomb                                                                 |       11 |
| Pop                                                                                             |       12 |
| Rattle And Hum                                                                                  |       17 |
| The Best Of 1980-1990                                                                           |       14 |
| War                                                                                             |       10 |
| Zooropa                                                                                         |       10 |
| UB40 The Best Of - Volume Two [UK]                                                              |       14 |
| Diver Down                                                                                      |       12 |
| The Best Of Van Halen, Vol. I                                                                   |       17 |
| Van Halen                                                                                       |       11 |
| Van Halen III                                                                                   |       12 |
| Contraband                                                                                      |       13 |
| Vinicius De Moraes                                                                              |       15 |
| Ao Vivo [IMPORT]                                                                                |       19 |
| The Office, Season 1                                                                            |        6 |
| The Office, Season 2                                                                            |       22 |
| The Office, Season 3                                                                            |       25 |
| Un-Led-Ed                                                                                       |        1 |
| Battlestar Galactica (Classic), Season 1                                                        |       24 |
| Aquaman                                                                                         |        1 |
| Instant Karma: The Amnesty International Campaign to Save Darfur                                |       23 |
| Speak of the Devil                                                                              |       12 |
| 20th Century Masters - The Millennium Collection: The Best of Scorpions                         |       12 |
| House of Pain                                                                                   |       19 |
| Radio Brasil (O Som da Jovem Vanguarda) - Seleccao de Henrique Amaro                            |       17 |
| Cake: B-Sides and Rarities                                                                      |        1 |
| LOST, Season 4                                                                                  |       17 |
| Quiet Songs                                                                                     |        2 |
| Muso Ko                                                                                         |        2 |
| Realize                                                                                         |        2 |
| Every Kind of Light                                                                             |        2 |
| Duos II                                                                                         |        1 |
| Worlds                                                                                          |        1 |
| The Best of Beethoven                                                                           |        1 |
| Temple of the Dog                                                                               |       10 |
| Carry On                                                                                        |       14 |
| Revelations                                                                                     |       14 |
| Adorate Deum: Gregorian Chant from the Proper of the Mass                                       |        1 |
| Allegri: Miserere                                                                               |        1 |
| Pachelbel: Canon & Gigue                                                                        |        1 |
| Vivaldi: The Four Seasons                                                                       |        1 |
| Bach: Violin Concertos                                                                          |        1 |
| Bach: Goldberg Variations                                                                       |        1 |
| Bach: The Cello Suites                                                                          |        1 |
| Handel: The Messiah (Highlights)                                                                |        1 |
| The World of Classical Favourites                                                               |        2 |
| Sir Neville Marriner: A Celebration                                                             |        1 |
| Mozart: Wind Concertos                                                                          |        1 |
| Haydn: Symphonies 99 - 104                                                                      |        1 |
| Beethoven: Symhonies Nos. 5 & 6                                                                 |        1 |
| A Soprano Inspired                                                                              |        1 |
| Great Opera Choruses                                                                            |        1 |
| Wagner: Favourite Overtures                                                                     |        1 |
| Fauré: Requiem, Ravel: Pavane & Others                                                          |        1 |
| Tchaikovsky: The Nutcracker                                                                     |        1 |
| The Last Night of the Proms                                                                     |        1 |
| Puccini: Madama Butterfly - Highlights                                                          |        1 |
| Holst: The Planets, Op. 32 & Vaughan Williams: Fantasies                                        |        1 |
| Pavarotti's Opera Made Easy                                                                     |        1 |
| Great Performances - Barber's Adagio and Other Romantic Favorites for Strings                   |        1 |
| Carmina Burana                                                                                  |        1 |
| A Copland Celebration, Vol. I                                                                   |        1 |
| Bach: Toccata & Fugue in D Minor                                                                |        1 |
| Prokofiev: Symphony No.1                                                                        |        1 |
| Scheherazade                                                                                    |        1 |
| Bach: The Brandenburg Concertos                                                                 |        1 |
| Chopin: Piano Concertos Nos. 1 & 2                                                              |        1 |
| Mascagni: Cavalleria Rusticana                                                                  |        1 |
| Sibelius: Finlandia                                                                             |        1 |
| Beethoven Piano Sonatas: Moonlight & Pastorale                                                  |        1 |
| Great Recordings of the Century - Mahler: Das Lied von der Erde                                 |        1 |
| Elgar: Cello Concerto & Vaughan Williams: Fantasias                                             |        1 |
| Adams, John: The Chairman Dances                                                                |        1 |
| Tchaikovsky: 1812 Festival Overture, Op.49, Capriccio Italien & Beethoven: Wellington's Victory |        1 |
| Palestrina: Missa Papae Marcelli & Allegri: Miserere                                            |        1 |
| Prokofiev: Romeo & Juliet                                                                       |        1 |
| Strauss: Waltzes                                                                                |        1 |
| Berlioz: Symphonie Fantastique                                                                  |        1 |
| Bizet: Carmen Highlights                                                                        |        1 |
| English Renaissance                                                                             |        2 |
| Handel: Music for the Royal Fireworks (Original Version 1749)                                   |        1 |
| Grieg: Peer Gynt Suites & Sibelius: Pelléas et Mélisande                                        |        1 |
| Mozart Gala: Famous Arias                                                                       |        1 |
| SCRIABIN: Vers la flamme                                                                        |        1 |
| Armada: Music from the Courts of England and Spain                                              |        1 |
| Mozart: Symphonies Nos. 40 & 41                                                                 |        1 |
| Back to Black                                                                                   |       12 |
| Frank                                                                                           |       11 |
| Carried to Dust (Bonus Track Version)                                                           |        1 |
| Beethoven: Symphony No. 6 'Pastoral' Etc.                                                       |        1 |
| Bartok: Violin & Viola Concertos                                                                |        1 |
| Mendelssohn: A Midsummer Night's Dream                                                          |        1 |
| Bach: Orchestral Suites Nos. 1 - 4                                                              |        1 |
| Charpentier: Divertissements, Airs & Concerts                                                   |        1 |
| South American Getaway                                                                          |        1 |
| Górecki: Symphony No. 3                                                                         |        1 |
| Purcell: The Fairy Queen                                                                        |        1 |
| The Ultimate Relexation Album                                                                   |        1 |
| Purcell: Music for the Queen Mary                                                               |        1 |
| Weill: The Seven Deadly Sins                                                                    |        1 |
| J.S. Bach: Chaconne, Suite in E Minor, Partita in E Major & Prelude, Fugue and Allegro          |        1 |
| Prokofiev: Symphony No.5 & Stravinksy: Le Sacre Du Printemps                                    |        1 |
| Szymanowski: Piano Works, Vol. 1                                                                |        1 |
| Nielsen: The Six Symphonies                                                                     |        1 |
| Great Recordings of the Century: Paganini's 24 Caprices                                         |        1 |
| Liszt - 12 Études D'Execution Transcendante                                                     |        1 |
| Great Recordings of the Century - Shubert: Schwanengesang, 4 Lieder                             |        1 |
| Locatelli: Concertos for Violin, Strings and Continuo, Vol. 3                                   |        1 |
| Respighi:Pines of Rome                                                                          |        1 |
| Schubert: The Late String Quartets & String Quintet (3 CD's)                                    |        1 |
| Monteverdi: L'Orfeo                                                                             |        1 |
| Mozart: Chamber Music                                                                           |        1 |
| Koyaanisqatsi (Soundtrack from the Motion Picture)                                              |        1 |
+-------------------------------------------------------------------------------------------------+----------+
347 rows in set (0.00 sec)

mysql> select AlbumId, MIN(UnitPrice) from Track
    -> group by AlbumId;
+---------+----------------+
| AlbumId | MIN(UnitPrice) |
+---------+----------------+
|       1 |           0.99 |
|       2 |           0.99 |
|       3 |           0.99 |
|       4 |           0.99 |
|       5 |           0.99 |
|       6 |           0.99 |
|       7 |           0.99 |
|       8 |           0.99 |
|       9 |           0.99 |
|      10 |           0.99 |
|      11 |           0.99 |
|      12 |           0.99 |
|      13 |           0.99 |
|      14 |           0.99 |
|      15 |           0.99 |
|      16 |           0.99 |
|      17 |           0.99 |
|      18 |           0.99 |
|      19 |           0.99 |
|      20 |           0.99 |
|      21 |           0.99 |
|      22 |           0.99 |
|      23 |           0.99 |
|      24 |           0.99 |
|      25 |           0.99 |
|      26 |           0.99 |
|      27 |           0.99 |
|      28 |           0.99 |
|      29 |           0.99 |
|      30 |           0.99 |
|      31 |           0.99 |
|      32 |           0.99 |
|      33 |           0.99 |
|      34 |           0.99 |
|      35 |           0.99 |
|      36 |           0.99 |
|      37 |           0.99 |
|      38 |           0.99 |
|      39 |           0.99 |
|      40 |           0.99 |
|      41 |           0.99 |
|      42 |           0.99 |
|      43 |           0.99 |
|      44 |           0.99 |
|      45 |           0.99 |
|      46 |           0.99 |
|      47 |           0.99 |
|      48 |           0.99 |
|      49 |           0.99 |
|      50 |           0.99 |
|      51 |           0.99 |
|      52 |           0.99 |
|      53 |           0.99 |
|      54 |           0.99 |
|      55 |           0.99 |
|      56 |           0.99 |
|      57 |           0.99 |
|      58 |           0.99 |
|      59 |           0.99 |
|      60 |           0.99 |
|      61 |           0.99 |
|      62 |           0.99 |
|      63 |           0.99 |
|      64 |           0.99 |
|      65 |           0.99 |
|      66 |           0.99 |
|      67 |           0.99 |
|      68 |           0.99 |
|      69 |           0.99 |
|      70 |           0.99 |
|      71 |           0.99 |
|      72 |           0.99 |
|      73 |           0.99 |
|      74 |           0.99 |
|      75 |           0.99 |
|      76 |           0.99 |
|      77 |           0.99 |
|      78 |           0.99 |
|      79 |           0.99 |
|      80 |           0.99 |
|      81 |           0.99 |
|      82 |           0.99 |
|      83 |           0.99 |
|      84 |           0.99 |
|      85 |           0.99 |
|      86 |           0.99 |
|      87 |           0.99 |
|      88 |           0.99 |
|      89 |           0.99 |
|      90 |           0.99 |
|      91 |           0.99 |
|      92 |           0.99 |
|      93 |           0.99 |
|      94 |           0.99 |
|      95 |           0.99 |
|      96 |           0.99 |
|      97 |           0.99 |
|      98 |           0.99 |
|      99 |           0.99 |
|     100 |           0.99 |
|     101 |           0.99 |
|     102 |           0.99 |
|     103 |           0.99 |
|     104 |           0.99 |
|     105 |           0.99 |
|     106 |           0.99 |
|     107 |           0.99 |
|     108 |           0.99 |
|     109 |           0.99 |
|     110 |           0.99 |
|     111 |           0.99 |
|     112 |           0.99 |
|     113 |           0.99 |
|     114 |           0.99 |
|     115 |           0.99 |
|     116 |           0.99 |
|     117 |           0.99 |
|     118 |           0.99 |
|     119 |           0.99 |
|     120 |           0.99 |
|     121 |           0.99 |
|     122 |           0.99 |
|     123 |           0.99 |
|     124 |           0.99 |
|     125 |           0.99 |
|     126 |           0.99 |
|     127 |           0.99 |
|     128 |           0.99 |
|     129 |           0.99 |
|     130 |           0.99 |
|     131 |           0.99 |
|     132 |           0.99 |
|     133 |           0.99 |
|     134 |           0.99 |
|     135 |           0.99 |
|     136 |           0.99 |
|     137 |           0.99 |
|     138 |           0.99 |
|     139 |           0.99 |
|     140 |           0.99 |
|     141 |           0.99 |
|     142 |           0.99 |
|     143 |           0.99 |
|     144 |           0.99 |
|     145 |           0.99 |
|     146 |           0.99 |
|     147 |           0.99 |
|     148 |           0.99 |
|     149 |           0.99 |
|     150 |           0.99 |
|     151 |           0.99 |
|     152 |           0.99 |
|     153 |           0.99 |
|     154 |           0.99 |
|     155 |           0.99 |
|     156 |           0.99 |
|     157 |           0.99 |
|     158 |           0.99 |
|     159 |           0.99 |
|     160 |           0.99 |
|     161 |           0.99 |
|     162 |           0.99 |
|     163 |           0.99 |
|     164 |           0.99 |
|     165 |           0.99 |
|     166 |           0.99 |
|     167 |           0.99 |
|     168 |           0.99 |
|     169 |           0.99 |
|     170 |           0.99 |
|     171 |           0.99 |
|     172 |           0.99 |
|     173 |           0.99 |
|     174 |           0.99 |
|     175 |           0.99 |
|     176 |           0.99 |
|     177 |           0.99 |
|     178 |           0.99 |
|     179 |           0.99 |
|     180 |           0.99 |
|     181 |           0.99 |
|     182 |           0.99 |
|     183 |           0.99 |
|     184 |           0.99 |
|     185 |           0.99 |
|     186 |           0.99 |
|     187 |           0.99 |
|     188 |           0.99 |
|     189 |           0.99 |
|     190 |           0.99 |
|     191 |           0.99 |
|     192 |           0.99 |
|     193 |           0.99 |
|     194 |           0.99 |
|     195 |           0.99 |
|     196 |           0.99 |
|     197 |           0.99 |
|     198 |           0.99 |
|     199 |           0.99 |
|     200 |           0.99 |
|     201 |           0.99 |
|     202 |           0.99 |
|     203 |           0.99 |
|     204 |           0.99 |
|     205 |           0.99 |
|     206 |           0.99 |
|     207 |           0.99 |
|     208 |           0.99 |
|     209 |           0.99 |
|     210 |           0.99 |
|     211 |           0.99 |
|     212 |           0.99 |
|     213 |           0.99 |
|     214 |           0.99 |
|     215 |           0.99 |
|     216 |           0.99 |
|     217 |           0.99 |
|     218 |           0.99 |
|     219 |           0.99 |
|     220 |           0.99 |
|     221 |           0.99 |
|     222 |           0.99 |
|     223 |           0.99 |
|     224 |           0.99 |
|     225 |           0.99 |
|     226 |           1.99 |
|     227 |           1.99 |
|     228 |           1.99 |
|     229 |           1.99 |
|     230 |           1.99 |
|     231 |           1.99 |
|     232 |           0.99 |
|     233 |           0.99 |
|     234 |           0.99 |
|     235 |           0.99 |
|     236 |           0.99 |
|     237 |           0.99 |
|     238 |           0.99 |
|     239 |           0.99 |
|     240 |           0.99 |
|     241 |           0.99 |
|     242 |           0.99 |
|     243 |           0.99 |
|     244 |           0.99 |
|     245 |           0.99 |
|     246 |           0.99 |
|     247 |           0.99 |
|     248 |           0.99 |
|     249 |           1.99 |
|     250 |           1.99 |
|     251 |           1.99 |
|     252 |           0.99 |
|     253 |           1.99 |
|     254 |           1.99 |
|     255 |           0.99 |
|     256 |           0.99 |
|     257 |           0.99 |
|     258 |           0.99 |
|     259 |           0.99 |
|     260 |           0.99 |
|     261 |           1.99 |
|     262 |           0.99 |
|     263 |           0.99 |
|     264 |           0.99 |
|     265 |           0.99 |
|     266 |           0.99 |
|     267 |           0.99 |
|     268 |           0.99 |
|     269 |           0.99 |
|     270 |           0.99 |
|     271 |           0.99 |
|     272 |           0.99 |
|     273 |           0.99 |
|     274 |           0.99 |
|     275 |           0.99 |
|     276 |           0.99 |
|     277 |           0.99 |
|     278 |           0.99 |
|     279 |           0.99 |
|     280 |           0.99 |
|     281 |           0.99 |
|     282 |           0.99 |
|     283 |           0.99 |
|     284 |           0.99 |
|     285 |           0.99 |
|     286 |           0.99 |
|     287 |           0.99 |
|     288 |           0.99 |
|     289 |           0.99 |
|     290 |           0.99 |
|     291 |           0.99 |
|     292 |           0.99 |
|     293 |           0.99 |
|     294 |           0.99 |
|     295 |           0.99 |
|     296 |           0.99 |
|     297 |           0.99 |
|     298 |           0.99 |
|     299 |           0.99 |
|     300 |           0.99 |
|     301 |           0.99 |
|     302 |           0.99 |
|     303 |           0.99 |
|     304 |           0.99 |
|     305 |           0.99 |
|     306 |           0.99 |
|     307 |           0.99 |
|     308 |           0.99 |
|     309 |           0.99 |
|     310 |           0.99 |
|     311 |           0.99 |
|     312 |           0.99 |
|     313 |           0.99 |
|     314 |           0.99 |
|     315 |           0.99 |
|     316 |           0.99 |
|     317 |           0.99 |
|     318 |           0.99 |
|     319 |           0.99 |
|     320 |           0.99 |
|     321 |           0.99 |
|     322 |           0.99 |
|     323 |           0.99 |
|     324 |           0.99 |
|     325 |           0.99 |
|     326 |           0.99 |
|     327 |           0.99 |
|     328 |           0.99 |
|     329 |           0.99 |
|     330 |           0.99 |
|     331 |           0.99 |
|     332 |           0.99 |
|     333 |           0.99 |
|     334 |           0.99 |
|     335 |           0.99 |
|     336 |           0.99 |
|     337 |           0.99 |
|     338 |           0.99 |
|     339 |           0.99 |
|     340 |           0.99 |
|     341 |           0.99 |
|     342 |           0.99 |
|     343 |           0.99 |
|     344 |           0.99 |
|     345 |           0.99 |
|     346 |           0.99 |
|     347 |           0.99 |
+---------+----------------+
347 rows in set (0.01 sec)

mysql> select AlbumId, MAX(UnitPrice) from Track group by AlbumId;
+---------+----------------+
| AlbumId | MAX(UnitPrice) |
+---------+----------------+
|       1 |           0.99 |
|       2 |           0.99 |
|       3 |           0.99 |
|       4 |           0.99 |
|       5 |           0.99 |
|       6 |           0.99 |
|       7 |           0.99 |
|       8 |           0.99 |
|       9 |           0.99 |
|      10 |           0.99 |
|      11 |           0.99 |
|      12 |           0.99 |
|      13 |           0.99 |
|      14 |           0.99 |
|      15 |           0.99 |
|      16 |           0.99 |
|      17 |           0.99 |
|      18 |           0.99 |
|      19 |           0.99 |
|      20 |           0.99 |
|      21 |           0.99 |
|      22 |           0.99 |
|      23 |           0.99 |
|      24 |           0.99 |
|      25 |           0.99 |
|      26 |           0.99 |
|      27 |           0.99 |
|      28 |           0.99 |
|      29 |           0.99 |
|      30 |           0.99 |
|      31 |           0.99 |
|      32 |           0.99 |
|      33 |           0.99 |
|      34 |           0.99 |
|      35 |           0.99 |
|      36 |           0.99 |
|      37 |           0.99 |
|      38 |           0.99 |
|      39 |           0.99 |
|      40 |           0.99 |
|      41 |           0.99 |
|      42 |           0.99 |
|      43 |           0.99 |
|      44 |           0.99 |
|      45 |           0.99 |
|      46 |           0.99 |
|      47 |           0.99 |
|      48 |           0.99 |
|      49 |           0.99 |
|      50 |           0.99 |
|      51 |           0.99 |
|      52 |           0.99 |
|      53 |           0.99 |
|      54 |           0.99 |
|      55 |           0.99 |
|      56 |           0.99 |
|      57 |           0.99 |
|      58 |           0.99 |
|      59 |           0.99 |
|      60 |           0.99 |
|      61 |           0.99 |
|      62 |           0.99 |
|      63 |           0.99 |
|      64 |           0.99 |
|      65 |           0.99 |
|      66 |           0.99 |
|      67 |           0.99 |
|      68 |           0.99 |
|      69 |           0.99 |
|      70 |           0.99 |
|      71 |           0.99 |
|      72 |           0.99 |
|      73 |           0.99 |
|      74 |           0.99 |
|      75 |           0.99 |
|      76 |           0.99 |
|      77 |           0.99 |
|      78 |           0.99 |
|      79 |           0.99 |
|      80 |           0.99 |
|      81 |           0.99 |
|      82 |           0.99 |
|      83 |           0.99 |
|      84 |           0.99 |
|      85 |           0.99 |
|      86 |           0.99 |
|      87 |           0.99 |
|      88 |           0.99 |
|      89 |           0.99 |
|      90 |           0.99 |
|      91 |           0.99 |
|      92 |           0.99 |
|      93 |           0.99 |
|      94 |           0.99 |
|      95 |           0.99 |
|      96 |           0.99 |
|      97 |           0.99 |
|      98 |           0.99 |
|      99 |           0.99 |
|     100 |           0.99 |
|     101 |           0.99 |
|     102 |           0.99 |
|     103 |           0.99 |
|     104 |           0.99 |
|     105 |           0.99 |
|     106 |           0.99 |
|     107 |           0.99 |
|     108 |           0.99 |
|     109 |           0.99 |
|     110 |           0.99 |
|     111 |           0.99 |
|     112 |           0.99 |
|     113 |           0.99 |
|     114 |           0.99 |
|     115 |           0.99 |
|     116 |           0.99 |
|     117 |           0.99 |
|     118 |           0.99 |
|     119 |           0.99 |
|     120 |           0.99 |
|     121 |           0.99 |
|     122 |           0.99 |
|     123 |           0.99 |
|     124 |           0.99 |
|     125 |           0.99 |
|     126 |           0.99 |
|     127 |           0.99 |
|     128 |           0.99 |
|     129 |           0.99 |
|     130 |           0.99 |
|     131 |           0.99 |
|     132 |           0.99 |
|     133 |           0.99 |
|     134 |           0.99 |
|     135 |           0.99 |
|     136 |           0.99 |
|     137 |           0.99 |
|     138 |           0.99 |
|     139 |           0.99 |
|     140 |           0.99 |
|     141 |           0.99 |
|     142 |           0.99 |
|     143 |           0.99 |
|     144 |           0.99 |
|     145 |           0.99 |
|     146 |           0.99 |
|     147 |           0.99 |
|     148 |           0.99 |
|     149 |           0.99 |
|     150 |           0.99 |
|     151 |           0.99 |
|     152 |           0.99 |
|     153 |           0.99 |
|     154 |           0.99 |
|     155 |           0.99 |
|     156 |           0.99 |
|     157 |           0.99 |
|     158 |           0.99 |
|     159 |           0.99 |
|     160 |           0.99 |
|     161 |           0.99 |
|     162 |           0.99 |
|     163 |           0.99 |
|     164 |           0.99 |
|     165 |           0.99 |
|     166 |           0.99 |
|     167 |           0.99 |
|     168 |           0.99 |
|     169 |           0.99 |
|     170 |           0.99 |
|     171 |           0.99 |
|     172 |           0.99 |
|     173 |           0.99 |
|     174 |           0.99 |
|     175 |           0.99 |
|     176 |           0.99 |
|     177 |           0.99 |
|     178 |           0.99 |
|     179 |           0.99 |
|     180 |           0.99 |
|     181 |           0.99 |
|     182 |           0.99 |
|     183 |           0.99 |
|     184 |           0.99 |
|     185 |           0.99 |
|     186 |           0.99 |
|     187 |           0.99 |
|     188 |           0.99 |
|     189 |           0.99 |
|     190 |           0.99 |
|     191 |           0.99 |
|     192 |           0.99 |
|     193 |           0.99 |
|     194 |           0.99 |
|     195 |           0.99 |
|     196 |           0.99 |
|     197 |           0.99 |
|     198 |           0.99 |
|     199 |           0.99 |
|     200 |           0.99 |
|     201 |           0.99 |
|     202 |           0.99 |
|     203 |           0.99 |
|     204 |           0.99 |
|     205 |           0.99 |
|     206 |           0.99 |
|     207 |           0.99 |
|     208 |           0.99 |
|     209 |           0.99 |
|     210 |           0.99 |
|     211 |           0.99 |
|     212 |           0.99 |
|     213 |           0.99 |
|     214 |           0.99 |
|     215 |           0.99 |
|     216 |           0.99 |
|     217 |           0.99 |
|     218 |           0.99 |
|     219 |           0.99 |
|     220 |           0.99 |
|     221 |           0.99 |
|     222 |           0.99 |
|     223 |           0.99 |
|     224 |           0.99 |
|     225 |           0.99 |
|     226 |           1.99 |
|     227 |           1.99 |
|     228 |           1.99 |
|     229 |           1.99 |
|     230 |           1.99 |
|     231 |           1.99 |
|     232 |           0.99 |
|     233 |           0.99 |
|     234 |           0.99 |
|     235 |           0.99 |
|     236 |           0.99 |
|     237 |           0.99 |
|     238 |           0.99 |
|     239 |           0.99 |
|     240 |           0.99 |
|     241 |           0.99 |
|     242 |           0.99 |
|     243 |           0.99 |
|     244 |           0.99 |
|     245 |           0.99 |
|     246 |           0.99 |
|     247 |           0.99 |
|     248 |           0.99 |
|     249 |           1.99 |
|     250 |           1.99 |
|     251 |           1.99 |
|     252 |           0.99 |
|     253 |           1.99 |
|     254 |           1.99 |
|     255 |           0.99 |
|     256 |           0.99 |
|     257 |           0.99 |
|     258 |           0.99 |
|     259 |           0.99 |
|     260 |           0.99 |
|     261 |           1.99 |
|     262 |           0.99 |
|     263 |           0.99 |
|     264 |           0.99 |
|     265 |           0.99 |
|     266 |           0.99 |
|     267 |           0.99 |
|     268 |           0.99 |
|     269 |           0.99 |
|     270 |           0.99 |
|     271 |           0.99 |
|     272 |           0.99 |
|     273 |           0.99 |
|     274 |           0.99 |
|     275 |           0.99 |
|     276 |           0.99 |
|     277 |           0.99 |
|     278 |           0.99 |
|     279 |           0.99 |
|     280 |           0.99 |
|     281 |           0.99 |
|     282 |           0.99 |
|     283 |           0.99 |
|     284 |           0.99 |
|     285 |           0.99 |
|     286 |           0.99 |
|     287 |           0.99 |
|     288 |           0.99 |
|     289 |           0.99 |
|     290 |           0.99 |
|     291 |           0.99 |
|     292 |           0.99 |
|     293 |           0.99 |
|     294 |           0.99 |
|     295 |           0.99 |
|     296 |           0.99 |
|     297 |           0.99 |
|     298 |           0.99 |
|     299 |           0.99 |
|     300 |           0.99 |
|     301 |           0.99 |
|     302 |           0.99 |
|     303 |           0.99 |
|     304 |           0.99 |
|     305 |           0.99 |
|     306 |           0.99 |
|     307 |           0.99 |
|     308 |           0.99 |
|     309 |           0.99 |
|     310 |           0.99 |
|     311 |           0.99 |
|     312 |           0.99 |
|     313 |           0.99 |
|     314 |           0.99 |
|     315 |           0.99 |
|     316 |           0.99 |
|     317 |           0.99 |
|     318 |           0.99 |
|     319 |           0.99 |
|     320 |           0.99 |
|     321 |           0.99 |
|     322 |           0.99 |
|     323 |           0.99 |
|     324 |           0.99 |
|     325 |           0.99 |
|     326 |           0.99 |
|     327 |           0.99 |
|     328 |           0.99 |
|     329 |           0.99 |
|     330 |           0.99 |
|     331 |           0.99 |
|     332 |           0.99 |
|     333 |           0.99 |
|     334 |           0.99 |
|     335 |           0.99 |
|     336 |           0.99 |
|     337 |           0.99 |
|     338 |           0.99 |
|     339 |           0.99 |
|     340 |           0.99 |
|     341 |           0.99 |
|     342 |           0.99 |
|     343 |           0.99 |
|     344 |           0.99 |
|     345 |           0.99 |
|     346 |           0.99 |
|     347 |           0.99 |
+---------+----------------+
347 rows in set (0.01 sec)

mysql> select AlbumId, Round(Sum(UnitPrice), 2) from Track
    -> group by AlbumId;
+---------+--------------------------+
| AlbumId | Round(Sum(UnitPrice), 2) |
+---------+--------------------------+
|       1 |                     9.90 |
|       2 |                     0.99 |
|       3 |                     2.97 |
|       4 |                     7.92 |
|       5 |                    14.85 |
|       6 |                    12.87 |
|       7 |                    11.88 |
|       8 |                    13.86 |
|       9 |                     7.92 |
|      10 |                    13.86 |
|      11 |                    11.88 |
|      12 |                    11.88 |
|      13 |                     7.92 |
|      14 |                    12.87 |
|      15 |                     4.95 |
|      16 |                     6.93 |
|      17 |                     9.90 |
|      18 |                    16.83 |
|      19 |                    10.89 |
|      20 |                    10.89 |
|      21 |                    17.82 |
|      22 |                     2.97 |
|      23 |                    33.66 |
|      24 |                    22.77 |
|      25 |                    12.87 |
|      26 |                    16.83 |
|      27 |                    13.86 |
|      28 |                     9.90 |
|      29 |                    13.86 |
|      30 |                    13.86 |
|      31 |                     8.91 |
|      32 |                    13.86 |
|      33 |                    16.83 |
|      34 |                    16.83 |
|      35 |                    10.89 |
|      36 |                    16.83 |
|      37 |                    19.80 |
|      38 |                    11.88 |
|      39 |                    20.79 |
|      40 |                    11.88 |
|      41 |                    13.86 |
|      42 |                    13.86 |
|      43 |                     6.93 |
|      44 |                     5.94 |
|      45 |                    13.86 |
|      46 |                    12.87 |
|      47 |                    13.86 |
|      48 |                    12.87 |
|      49 |                     9.90 |
|      50 |                     3.96 |
|      51 |                    21.78 |
|      52 |                    14.85 |
|      53 |                    13.86 |
|      54 |                    19.80 |
|      55 |                    19.80 |
|      56 |                    14.85 |
|      57 |                    14.85 |
|      58 |                     8.91 |
|      59 |                     6.93 |
|      60 |                     6.93 |
|      61 |                    10.89 |
|      62 |                     6.93 |
|      63 |                    11.88 |
|      64 |                     8.91 |
|      65 |                     8.91 |
|      66 |                     9.90 |
|      67 |                    15.84 |
|      68 |                     8.91 |
|      69 |                    12.87 |
|      70 |                    12.87 |
|      71 |                    13.86 |
|      72 |                    17.82 |
|      73 |                    29.70 |
|      74 |                    11.88 |
|      75 |                    13.86 |
|      76 |                    14.85 |
|      77 |                    10.89 |
|      78 |                    13.86 |
|      79 |                     9.90 |
|      80 |                     9.90 |
|      81 |                    10.89 |
|      82 |                    12.87 |
|      83 |                    23.76 |
|      84 |                    15.84 |
|      85 |                    13.86 |
|      86 |                    14.85 |
|      87 |                     2.97 |
|      88 |                    11.88 |
|      89 |                    12.87 |
|      90 |                    11.88 |
|      91 |                    15.84 |
|      92 |                    13.86 |
|      93 |                    12.87 |
|      94 |                    10.89 |
|      95 |                    11.88 |
|      96 |                    10.89 |
|      97 |                     9.90 |
|      98 |                    10.89 |
|      99 |                    11.88 |
|     100 |                     8.91 |
|     101 |                     9.90 |
|     102 |                    17.82 |
|     103 |                     9.90 |
|     104 |                     9.90 |
|     105 |                     9.90 |
|     106 |                     8.91 |
|     107 |                     7.92 |
|     108 |                     9.90 |
|     109 |                     8.91 |
|     110 |                     7.92 |
|     111 |                     7.92 |
|     112 |                     7.92 |
|     113 |                    10.89 |
|     114 |                     7.92 |
|     115 |                    19.80 |
|     116 |                     9.90 |
|     117 |                    10.89 |
|     118 |                    10.89 |
|     119 |                    12.87 |
|     120 |                    16.83 |
|     121 |                     9.90 |
|     122 |                    13.86 |
|     123 |                    11.88 |
|     124 |                    13.86 |
|     125 |                    15.84 |
|     126 |                    14.85 |
|     127 |                     9.90 |
|     128 |                     7.92 |
|     129 |                     7.92 |
|     130 |                     6.93 |
|     131 |                     7.92 |
|     132 |                     8.91 |
|     133 |                     8.91 |
|     134 |                     9.90 |
|     135 |                     8.91 |
|     136 |                     6.93 |
|     137 |                     4.95 |
|     138 |                     3.96 |
|     139 |                    14.85 |
|     140 |                    15.84 |
|     141 |                    56.43 |
|     142 |                    13.86 |
|     143 |                    13.86 |
|     144 |                     9.90 |
|     145 |                    17.82 |
|     146 |                    17.82 |
|     147 |                     9.90 |
|     148 |                    11.88 |
|     149 |                    15.84 |
|     150 |                     9.90 |
|     151 |                    13.86 |
|     152 |                     7.92 |
|     153 |                    12.87 |
|     154 |                     7.92 |
|     155 |                    10.89 |
|     156 |                     8.91 |
|     157 |                    13.86 |
|     158 |                    12.87 |
|     159 |                    12.87 |
|     160 |                    14.85 |
|     161 |                    11.88 |
|     162 |                    16.83 |
|     163 |                    16.83 |
|     164 |                    11.88 |
|     165 |                    14.85 |
|     166 |                    13.86 |
|     167 |                    20.79 |
|     168 |                    11.88 |
|     169 |                    15.84 |
|     170 |                     0.99 |
|     171 |                     1.98 |
|     172 |                     0.99 |
|     173 |                     1.98 |
|     174 |                    13.86 |
|     175 |                    11.88 |
|     176 |                    13.86 |
|     177 |                     9.90 |
|     178 |                    15.84 |
|     179 |                    12.87 |
|     180 |                    14.85 |
|     181 |                    10.89 |
|     182 |                    11.88 |
|     183 |                     8.91 |
|     184 |                    15.84 |
|     185 |                    16.83 |
|     186 |                    10.89 |
|     187 |                    10.89 |
|     188 |                    10.89 |
|     189 |                    13.86 |
|     190 |                    15.84 |
|     191 |                     9.90 |
|     192 |                    13.86 |
|     193 |                    16.83 |
|     194 |                    15.84 |
|     195 |                    14.85 |
|     196 |                    13.86 |
|     197 |                     7.92 |
|     198 |                     5.94 |
|     199 |                    11.88 |
|     200 |                    10.89 |
|     201 |                    15.84 |
|     202 |                    17.82 |
|     203 |                    16.83 |
|     204 |                     8.91 |
|     205 |                     9.90 |
|     206 |                    11.88 |
|     207 |                    10.89 |
|     208 |                     6.93 |
|     209 |                     9.90 |
|     210 |                     8.91 |
|     211 |                    17.82 |
|     212 |                    11.88 |
|     213 |                    17.82 |
|     214 |                    10.89 |
|     215 |                    13.86 |
|     216 |                    11.88 |
|     217 |                    13.86 |
|     218 |                    14.85 |
|     219 |                    14.85 |
|     220 |                    10.89 |
|     221 |                    19.80 |
|     222 |                    14.85 |
|     223 |                    14.85 |
|     224 |                    21.78 |
|     225 |                    15.84 |
|     226 |                     1.99 |
|     227 |                    37.81 |
|     228 |                    45.77 |
|     229 |                    51.74 |
|     230 |                    49.75 |
|     231 |                    47.76 |
|     232 |                    11.88 |
|     233 |                    10.89 |
|     234 |                    14.85 |
|     235 |                    10.89 |
|     236 |                    11.88 |
|     237 |                    16.83 |
|     238 |                    13.86 |
|     239 |                     9.90 |
|     240 |                     9.90 |
|     241 |                    13.86 |
|     242 |                    11.88 |
|     243 |                    16.83 |
|     244 |                    10.89 |
|     245 |                    11.88 |
|     246 |                    12.87 |
|     247 |                    14.85 |
|     248 |                    18.81 |
|     249 |                    11.94 |
|     250 |                    43.78 |
|     251 |                    49.75 |
|     252 |                     0.99 |
|     253 |                    47.76 |
|     254 |                     1.99 |
|     255 |                    22.77 |
|     256 |                    11.88 |
|     257 |                    11.88 |
|     258 |                    18.81 |
|     259 |                    16.83 |
|     260 |                     0.99 |
|     261 |                    33.83 |
|     262 |                     1.98 |
|     263 |                     1.98 |
|     264 |                     1.98 |
|     265 |                     1.98 |
|     266 |                     0.99 |
|     267 |                     0.99 |
|     268 |                     0.99 |
|     269 |                     9.90 |
|     270 |                    13.86 |
|     271 |                    13.86 |
|     272 |                     0.99 |
|     273 |                     0.99 |
|     274 |                     0.99 |
|     275 |                     0.99 |
|     276 |                     0.99 |
|     277 |                     0.99 |
|     278 |                     0.99 |
|     279 |                     0.99 |
|     280 |                     1.98 |
|     281 |                     0.99 |
|     282 |                     0.99 |
|     283 |                     0.99 |
|     284 |                     0.99 |
|     285 |                     0.99 |
|     286 |                     0.99 |
|     287 |                     0.99 |
|     288 |                     0.99 |
|     289 |                     0.99 |
|     290 |                     0.99 |
|     291 |                     0.99 |
|     292 |                     0.99 |
|     293 |                     0.99 |
|     294 |                     0.99 |
|     295 |                     0.99 |
|     296 |                     0.99 |
|     297 |                     0.99 |
|     298 |                     0.99 |
|     299 |                     0.99 |
|     300 |                     0.99 |
|     301 |                     0.99 |
|     302 |                     0.99 |
|     303 |                     0.99 |
|     304 |                     0.99 |
|     305 |                     0.99 |
|     306 |                     0.99 |
|     307 |                     0.99 |
|     308 |                     0.99 |
|     309 |                     0.99 |
|     310 |                     0.99 |
|     311 |                     0.99 |
|     312 |                     0.99 |
|     313 |                     0.99 |
|     314 |                     1.98 |
|     315 |                     0.99 |
|     316 |                     0.99 |
|     317 |                     0.99 |
|     318 |                     0.99 |
|     319 |                     0.99 |
|     320 |                     0.99 |
|     321 |                    11.88 |
|     322 |                    10.89 |
|     323 |                     0.99 |
|     324 |                     0.99 |
|     325 |                     0.99 |
|     326 |                     0.99 |
|     327 |                     0.99 |
|     328 |                     0.99 |
|     329 |                     0.99 |
|     330 |                     0.99 |
|     331 |                     0.99 |
|     332 |                     0.99 |
|     333 |                     0.99 |
|     334 |                     0.99 |
|     335 |                     0.99 |
|     336 |                     0.99 |
|     337 |                     0.99 |
|     338 |                     0.99 |
|     339 |                     0.99 |
|     340 |                     0.99 |
|     341 |                     0.99 |
|     342 |                     0.99 |
|     343 |                     0.99 |
|     344 |                     0.99 |
|     345 |                     0.99 |
|     346 |                     0.99 |
|     347 |                     0.99 |
+---------+--------------------------+
347 rows in set (0.01 sec)

mysql> select AlbumId, Round(Sum(UnitPrice), 2from Track group by AlbumId
    -> 
    -> '
    '> ;
    '> ;
    '> :
    '> ^C
mysql> SELECT Album.Title, ROUND(SUM(UnitPrice), 2) FROM Track
    -> INNER JOIN Album ON Track.AlbumId = Album.AlbumId
    -> GROUP BY Track.AlbumId;
+-------------------------------------------------------------------------------------------------+--------------------------+
| Title                                                                                           | ROUND(SUM(UnitPrice), 2) |
+-------------------------------------------------------------------------------------------------+--------------------------+
| For Those About To Rock We Salute You                                                           |                     9.90 |
| Balls to the Wall                                                                               |                     0.99 |
| Restless and Wild                                                                               |                     2.97 |
| Let There Be Rock                                                                               |                     7.92 |
| Big Ones                                                                                        |                    14.85 |
| Jagged Little Pill                                                                              |                    12.87 |
| Facelift                                                                                        |                    11.88 |
| Warner 25 Anos                                                                                  |                    13.86 |
| Plays Metallica By Four Cellos                                                                  |                     7.92 |
| Audioslave                                                                                      |                    13.86 |
| Out Of Exile                                                                                    |                    11.88 |
| BackBeat Soundtrack                                                                             |                    11.88 |
| The Best Of Billy Cobham                                                                        |                     7.92 |
| Alcohol Fueled Brewtality Live! [Disc 1]                                                        |                    12.87 |
| Alcohol Fueled Brewtality Live! [Disc 2]                                                        |                     4.95 |
| Black Sabbath                                                                                   |                     6.93 |
| Black Sabbath Vol. 4 (Remaster)                                                                 |                     9.90 |
| Body Count                                                                                      |                    16.83 |
| Chemical Wedding                                                                                |                    10.89 |
| The Best Of Buddy Guy - The Millenium Collection                                                |                    10.89 |
| Prenda Minha                                                                                    |                    17.82 |
| Sozinho Remix Ao Vivo                                                                           |                     2.97 |
| Minha Historia                                                                                  |                    33.66 |
| Afrociberdelia                                                                                  |                    22.77 |
| Da Lama Ao Caos                                                                                 |                    12.87 |
| Acústico MTV [Live]                                                                             |                    16.83 |
| Cidade Negra - Hits                                                                             |                    13.86 |
| Na Pista                                                                                        |                     9.90 |
| Axé Bahia 2001                                                                                  |                    13.86 |
| BBC Sessions [Disc 1] [Live]                                                                    |                    13.86 |
| Bongo Fury                                                                                      |                     8.91 |
| Carnaval 2001                                                                                   |                    13.86 |
| Chill: Brazil (Disc 1)                                                                          |                    16.83 |
| Chill: Brazil (Disc 2)                                                                          |                    16.83 |
| Garage Inc. (Disc 1)                                                                            |                    10.89 |
| Greatest Hits II                                                                                |                    16.83 |
| Greatest Kiss                                                                                   |                    19.80 |
| Heart of the Night                                                                              |                    11.88 |
| International Superhits                                                                         |                    20.79 |
| Into The Light                                                                                  |                    11.88 |
| Meus Momentos                                                                                   |                    13.86 |
| Minha História                                                                                  |                    13.86 |
| MK III The Final Concerts [Disc 1]                                                              |                     6.93 |
| Physical Graffiti [Disc 1]                                                                      |                     5.94 |
| Sambas De Enredo 2001                                                                           |                    13.86 |
| Supernatural                                                                                    |                    12.87 |
| The Best of Ed Motta                                                                            |                    13.86 |
| The Essential Miles Davis [Disc 1]                                                              |                    12.87 |
| The Essential Miles Davis [Disc 2]                                                              |                     9.90 |
| The Final Concerts (Disc 2)                                                                     |                     3.96 |
| Up An' Atom                                                                                     |                    21.78 |
| Vinícius De Moraes - Sem Limite                                                                 |                    14.85 |
| Vozes do MPB                                                                                    |                    13.86 |
| Chronicle, Vol. 1                                                                               |                    19.80 |
| Chronicle, Vol. 2                                                                               |                    19.80 |
| Cássia Eller - Coleção Sem Limite [Disc 2]                                                      |                    14.85 |
| Cássia Eller - Sem Limite [Disc 1]                                                              |                    14.85 |
| Come Taste The Band                                                                             |                     8.91 |
| Deep Purple In Rock                                                                             |                     6.93 |
| Fireball                                                                                        |                     6.93 |
| Knocking at Your Back Door: The Best Of Deep Purple in the 80's                                 |                    10.89 |
| Machine Head                                                                                    |                     6.93 |
| Purpendicular                                                                                   |                    11.88 |
| Slaves And Masters                                                                              |                     8.91 |
| Stormbringer                                                                                    |                     8.91 |
| The Battle Rages On                                                                             |                     9.90 |
| Vault: Def Leppard's Greatest Hits                                                              |                    15.84 |
| Outbreak                                                                                        |                     8.91 |
| Djavan Ao Vivo - Vol. 02                                                                        |                    12.87 |
| Djavan Ao Vivo - Vol. 1                                                                         |                    12.87 |
| Elis Regina-Minha História                                                                      |                    13.86 |
| The Cream Of Clapton                                                                            |                    17.82 |
| Unplugged                                                                                       |                    29.70 |
| Album Of The Year                                                                               |                    11.88 |
| Angel Dust                                                                                      |                    13.86 |
| King For A Day Fool For A Lifetime                                                              |                    14.85 |
| The Real Thing                                                                                  |                    10.89 |
| Deixa Entrar                                                                                    |                    13.86 |
| In Your Honor [Disc 1]                                                                          |                     9.90 |
| In Your Honor [Disc 2]                                                                          |                     9.90 |
| One By One                                                                                      |                    10.89 |
| The Colour And The Shape                                                                        |                    12.87 |
| My Way: The Best Of Frank Sinatra [Disc 1]                                                      |                    23.76 |
| Roda De Funk                                                                                    |                    15.84 |
| As Canções de Eu Tu Eles                                                                        |                    13.86 |
| Quanta Gente Veio Ver (Live)                                                                    |                    14.85 |
| Quanta Gente Veio ver--Bônus De Carnaval                                                        |                     2.97 |
| Faceless                                                                                        |                    11.88 |
| American Idiot                                                                                  |                    12.87 |
| Appetite for Destruction                                                                        |                    11.88 |
| Use Your Illusion I                                                                             |                    15.84 |
| Use Your Illusion II                                                                            |                    13.86 |
| Blue Moods                                                                                      |                    12.87 |
| A Matter of Life and Death                                                                      |                    10.89 |
| A Real Dead One                                                                                 |                    11.88 |
| A Real Live One                                                                                 |                    10.89 |
| Brave New World                                                                                 |                     9.90 |
| Dance Of Death                                                                                  |                    10.89 |
| Fear Of The Dark                                                                                |                    11.88 |
| Iron Maiden                                                                                     |                     8.91 |
| Killers                                                                                         |                     9.90 |
| Live After Death                                                                                |                    17.82 |
| Live At Donington 1992 (Disc 1)                                                                 |                     9.90 |
| Live At Donington 1992 (Disc 2)                                                                 |                     9.90 |
| No Prayer For The Dying                                                                         |                     9.90 |
| Piece Of Mind                                                                                   |                     8.91 |
| Powerslave                                                                                      |                     7.92 |
| Rock In Rio [CD1]                                                                               |                     9.90 |
| Rock In Rio [CD2]                                                                               |                     8.91 |
| Seventh Son of a Seventh Son                                                                    |                     7.92 |
| Somewhere in Time                                                                               |                     7.92 |
| The Number of The Beast                                                                         |                     7.92 |
| The X Factor                                                                                    |                    10.89 |
| Virtual XI                                                                                      |                     7.92 |
| Sex Machine                                                                                     |                    19.80 |
| Emergency On Planet Earth                                                                       |                     9.90 |
| Synkronized                                                                                     |                    10.89 |
| The Return Of The Space Cowboy                                                                  |                    10.89 |
| Get Born                                                                                        |                    12.87 |
| Are You Experienced?                                                                            |                    16.83 |
| Surfing with the Alien (Remastered)                                                             |                     9.90 |
| Jorge Ben Jor 25 Anos                                                                           |                    13.86 |
| Jota Quest-1995                                                                                 |                    11.88 |
| Cafezinho                                                                                       |                    13.86 |
| Living After Midnight                                                                           |                    15.84 |
| Unplugged [Live]                                                                                |                    14.85 |
| BBC Sessions [Disc 2] [Live]                                                                    |                     9.90 |
| Coda                                                                                            |                     7.92 |
| Houses Of The Holy                                                                              |                     7.92 |
| In Through The Out Door                                                                         |                     6.93 |
| IV                                                                                              |                     7.92 |
| Led Zeppelin I                                                                                  |                     8.91 |
| Led Zeppelin II                                                                                 |                     8.91 |
| Led Zeppelin III                                                                                |                     9.90 |
| Physical Graffiti [Disc 2]                                                                      |                     8.91 |
| Presence                                                                                        |                     6.93 |
| The Song Remains The Same (Disc 1)                                                              |                     4.95 |
| The Song Remains The Same (Disc 2)                                                              |                     3.96 |
| A TempestadeTempestade Ou O Livro Dos Dias                                                      |                    14.85 |
| Mais Do Mesmo                                                                                   |                    15.84 |
| Greatest Hits                                                                                   |                    56.43 |
| Lulu Santos - RCA 100 Anos De Música - Álbum 01                                                 |                    13.86 |
| Lulu Santos - RCA 100 Anos De Música - Álbum 02                                                 |                    13.86 |
| Misplaced Childhood                                                                             |                     9.90 |
| Barulhinho Bom                                                                                  |                    17.82 |
| Seek And Shall Find: More Of The Best (1963-1981)                                               |                    17.82 |
| The Best Of Men At Work                                                                         |                     9.90 |
| Black Album                                                                                     |                    11.88 |
| Garage Inc. (Disc 2)                                                                            |                    15.84 |
| Kill 'Em All                                                                                    |                     9.90 |
| Load                                                                                            |                    13.86 |
| Master Of Puppets                                                                               |                     7.92 |
| ReLoad                                                                                          |                    12.87 |
| Ride The Lightning                                                                              |                     7.92 |
| St. Anger                                                                                       |                    10.89 |
| ...And Justice For All                                                                          |                     8.91 |
| Miles Ahead                                                                                     |                    13.86 |
| Milton Nascimento Ao Vivo                                                                       |                    12.87 |
| Minas                                                                                           |                    12.87 |
| Ace Of Spades                                                                                   |                    14.85 |
| Demorou...                                                                                      |                    11.88 |
| Motley Crue Greatest Hits                                                                       |                    16.83 |
| From The Muddy Banks Of The Wishkah [Live]                                                      |                    16.83 |
| Nevermind                                                                                       |                    11.88 |
| Compositores                                                                                    |                    14.85 |
| Olodum                                                                                          |                    13.86 |
| Acústico MTV                                                                                    |                    20.79 |
| Arquivo II                                                                                      |                    11.88 |
| Arquivo Os Paralamas Do Sucesso                                                                 |                    15.84 |
| Bark at the Moon (Remastered)                                                                   |                     0.99 |
| Blizzard of Ozz                                                                                 |                     1.98 |
| Diary of a Madman (Remastered)                                                                  |                     0.99 |
| No More Tears (Remastered)                                                                      |                     1.98 |
| Tribute                                                                                         |                    13.86 |
| Walking Into Clarksdale                                                                         |                    11.88 |
| Original Soundtracks 1                                                                          |                    13.86 |
| The Beast Live                                                                                  |                     9.90 |
| Live On Two Legs [Live]                                                                         |                    15.84 |
| Pearl Jam                                                                                       |                    12.87 |
| Riot Act                                                                                        |                    14.85 |
| Ten                                                                                             |                    10.89 |
| Vs.                                                                                             |                    11.88 |
| Dark Side Of The Moon                                                                           |                     8.91 |
| Os Cães Ladram Mas A Caravana Não Pára                                                          |                    15.84 |
| Greatest Hits I                                                                                 |                    16.83 |
| News Of The World                                                                               |                    10.89 |
| Out Of Time                                                                                     |                    10.89 |
| Green                                                                                           |                    10.89 |
| New Adventures In Hi-Fi                                                                         |                    13.86 |
| The Best Of R.E.M.: The IRS Years                                                               |                    15.84 |
| Cesta Básica                                                                                    |                     9.90 |
| Raul Seixas                                                                                     |                    13.86 |
| Blood Sugar Sex Magik                                                                           |                    16.83 |
| By The Way                                                                                      |                    15.84 |
| Californication                                                                                 |                    14.85 |
| Retrospective I (1974-1980)                                                                     |                    13.86 |
| Santana - As Years Go By                                                                        |                     7.92 |
| Santana Live                                                                                    |                     5.94 |
| Maquinarama                                                                                     |                    11.88 |
| O Samba Poconé                                                                                  |                    10.89 |
| Judas 0: B-Sides and Rarities                                                                   |                    15.84 |
| Rotten Apples: Greatest Hits                                                                    |                    17.82 |
| A-Sides                                                                                         |                    16.83 |
| Morning Dance                                                                                   |                     8.91 |
| In Step                                                                                         |                     9.90 |
| Core                                                                                            |                    11.88 |
| Mezmerize                                                                                       |                    10.89 |
| [1997] Black Light Syndrome                                                                     |                     6.93 |
| Live [Disc 1]                                                                                   |                     9.90 |
| Live [Disc 2]                                                                                   |                     8.91 |
| The Singles                                                                                     |                    17.82 |
| Beyond Good And Evil                                                                            |                    11.88 |
| Pure Cult: The Best Of The Cult (For Rockers, Ravers, Lovers & Sinners) [UK]                    |                    17.82 |
| The Doors                                                                                       |                    10.89 |
| The Police Greatest Hits                                                                        |                    13.86 |
| Hot Rocks, 1964-1971 (Disc 1)                                                                   |                    11.88 |
| No Security                                                                                     |                    13.86 |
| Voodoo Lounge                                                                                   |                    14.85 |
| Tangents                                                                                        |                    14.85 |
| Transmission                                                                                    |                    10.89 |
| My Generation - The Very Best Of The Who                                                        |                    19.80 |
| Serie Sem Limite (Disc 1)                                                                       |                    14.85 |
| Serie Sem Limite (Disc 2)                                                                       |                    14.85 |
| Acústico                                                                                        |                    21.78 |
| Volume Dois                                                                                     |                    15.84 |
| Battlestar Galactica: The Story So Far                                                          |                     1.99 |
| Battlestar Galactica, Season 3                                                                  |                    37.81 |
| Heroes, Season 1                                                                                |                    45.77 |
| Lost, Season 3                                                                                  |                    51.74 |
| Lost, Season 1                                                                                  |                    49.75 |
| Lost, Season 2                                                                                  |                    47.76 |
| Achtung Baby                                                                                    |                    11.88 |
| All That You Can't Leave Behind                                                                 |                    10.89 |
| B-Sides 1980-1990                                                                               |                    14.85 |
| How To Dismantle An Atomic Bomb                                                                 |                    10.89 |
| Pop                                                                                             |                    11.88 |
| Rattle And Hum                                                                                  |                    16.83 |
| The Best Of 1980-1990                                                                           |                    13.86 |
| War                                                                                             |                     9.90 |
| Zooropa                                                                                         |                     9.90 |
| UB40 The Best Of - Volume Two [UK]                                                              |                    13.86 |
| Diver Down                                                                                      |                    11.88 |
| The Best Of Van Halen, Vol. I                                                                   |                    16.83 |
| Van Halen                                                                                       |                    10.89 |
| Van Halen III                                                                                   |                    11.88 |
| Contraband                                                                                      |                    12.87 |
| Vinicius De Moraes                                                                              |                    14.85 |
| Ao Vivo [IMPORT]                                                                                |                    18.81 |
| The Office, Season 1                                                                            |                    11.94 |
| The Office, Season 2                                                                            |                    43.78 |
| The Office, Season 3                                                                            |                    49.75 |
| Un-Led-Ed                                                                                       |                     0.99 |
| Battlestar Galactica (Classic), Season 1                                                        |                    47.76 |
| Aquaman                                                                                         |                     1.99 |
| Instant Karma: The Amnesty International Campaign to Save Darfur                                |                    22.77 |
| Speak of the Devil                                                                              |                    11.88 |
| 20th Century Masters - The Millennium Collection: The Best of Scorpions                         |                    11.88 |
| House of Pain                                                                                   |                    18.81 |
| Radio Brasil (O Som da Jovem Vanguarda) - Seleccao de Henrique Amaro                            |                    16.83 |
| Cake: B-Sides and Rarities                                                                      |                     0.99 |
| LOST, Season 4                                                                                  |                    33.83 |
| Quiet Songs                                                                                     |                     1.98 |
| Muso Ko                                                                                         |                     1.98 |
| Realize                                                                                         |                     1.98 |
| Every Kind of Light                                                                             |                     1.98 |
| Duos II                                                                                         |                     0.99 |
| Worlds                                                                                          |                     0.99 |
| The Best of Beethoven                                                                           |                     0.99 |
| Temple of the Dog                                                                               |                     9.90 |
| Carry On                                                                                        |                    13.86 |
| Revelations                                                                                     |                    13.86 |
| Adorate Deum: Gregorian Chant from the Proper of the Mass                                       |                     0.99 |
| Allegri: Miserere                                                                               |                     0.99 |
| Pachelbel: Canon & Gigue                                                                        |                     0.99 |
| Vivaldi: The Four Seasons                                                                       |                     0.99 |
| Bach: Violin Concertos                                                                          |                     0.99 |
| Bach: Goldberg Variations                                                                       |                     0.99 |
| Bach: The Cello Suites                                                                          |                     0.99 |
| Handel: The Messiah (Highlights)                                                                |                     0.99 |
| The World of Classical Favourites                                                               |                     1.98 |
| Sir Neville Marriner: A Celebration                                                             |                     0.99 |
| Mozart: Wind Concertos                                                                          |                     0.99 |
| Haydn: Symphonies 99 - 104                                                                      |                     0.99 |
| Beethoven: Symhonies Nos. 5 & 6                                                                 |                     0.99 |
| A Soprano Inspired                                                                              |                     0.99 |
| Great Opera Choruses                                                                            |                     0.99 |
| Wagner: Favourite Overtures                                                                     |                     0.99 |
| Fauré: Requiem, Ravel: Pavane & Others                                                          |                     0.99 |
| Tchaikovsky: The Nutcracker                                                                     |                     0.99 |
| The Last Night of the Proms                                                                     |                     0.99 |
| Puccini: Madama Butterfly - Highlights                                                          |                     0.99 |
| Holst: The Planets, Op. 32 & Vaughan Williams: Fantasies                                        |                     0.99 |
| Pavarotti's Opera Made Easy                                                                     |                     0.99 |
| Great Performances - Barber's Adagio and Other Romantic Favorites for Strings                   |                     0.99 |
| Carmina Burana                                                                                  |                     0.99 |
| A Copland Celebration, Vol. I                                                                   |                     0.99 |
| Bach: Toccata & Fugue in D Minor                                                                |                     0.99 |
| Prokofiev: Symphony No.1                                                                        |                     0.99 |
| Scheherazade                                                                                    |                     0.99 |
| Bach: The Brandenburg Concertos                                                                 |                     0.99 |
| Chopin: Piano Concertos Nos. 1 & 2                                                              |                     0.99 |
| Mascagni: Cavalleria Rusticana                                                                  |                     0.99 |
| Sibelius: Finlandia                                                                             |                     0.99 |
| Beethoven Piano Sonatas: Moonlight & Pastorale                                                  |                     0.99 |
| Great Recordings of the Century - Mahler: Das Lied von der Erde                                 |                     0.99 |
| Elgar: Cello Concerto & Vaughan Williams: Fantasias                                             |                     0.99 |
| Adams, John: The Chairman Dances                                                                |                     0.99 |
| Tchaikovsky: 1812 Festival Overture, Op.49, Capriccio Italien & Beethoven: Wellington's Victory |                     0.99 |
| Palestrina: Missa Papae Marcelli & Allegri: Miserere                                            |                     0.99 |
| Prokofiev: Romeo & Juliet                                                                       |                     0.99 |
| Strauss: Waltzes                                                                                |                     0.99 |
| Berlioz: Symphonie Fantastique                                                                  |                     0.99 |
| Bizet: Carmen Highlights                                                                        |                     0.99 |
| English Renaissance                                                                             |                     1.98 |
| Handel: Music for the Royal Fireworks (Original Version 1749)                                   |                     0.99 |
| Grieg: Peer Gynt Suites & Sibelius: Pelléas et Mélisande                                        |                     0.99 |
| Mozart Gala: Famous Arias                                                                       |                     0.99 |
| SCRIABIN: Vers la flamme                                                                        |                     0.99 |
| Armada: Music from the Courts of England and Spain                                              |                     0.99 |
| Mozart: Symphonies Nos. 40 & 41                                                                 |                     0.99 |
| Back to Black                                                                                   |                    11.88 |
| Frank                                                                                           |                    10.89 |
| Carried to Dust (Bonus Track Version)                                                           |                     0.99 |
| Beethoven: Symphony No. 6 'Pastoral' Etc.                                                       |                     0.99 |
| Bartok: Violin & Viola Concertos                                                                |                     0.99 |
| Mendelssohn: A Midsummer Night's Dream                                                          |                     0.99 |
| Bach: Orchestral Suites Nos. 1 - 4                                                              |                     0.99 |
| Charpentier: Divertissements, Airs & Concerts                                                   |                     0.99 |
| South American Getaway                                                                          |                     0.99 |
| Górecki: Symphony No. 3                                                                         |                     0.99 |
| Purcell: The Fairy Queen                                                                        |                     0.99 |
| The Ultimate Relexation Album                                                                   |                     0.99 |
| Purcell: Music for the Queen Mary                                                               |                     0.99 |
| Weill: The Seven Deadly Sins                                                                    |                     0.99 |
| J.S. Bach: Chaconne, Suite in E Minor, Partita in E Major & Prelude, Fugue and Allegro          |                     0.99 |
| Prokofiev: Symphony No.5 & Stravinksy: Le Sacre Du Printemps                                    |                     0.99 |
| Szymanowski: Piano Works, Vol. 1                                                                |                     0.99 |
| Nielsen: The Six Symphonies                                                                     |                     0.99 |
| Great Recordings of the Century: Paganini's 24 Caprices                                         |                     0.99 |
| Liszt - 12 Études D'Execution Transcendante                                                     |                     0.99 |
| Great Recordings of the Century - Shubert: Schwanengesang, 4 Lieder                             |                     0.99 |
| Locatelli: Concertos for Violin, Strings and Continuo, Vol. 3                                   |                     0.99 |
| Respighi:Pines of Rome                                                                          |                     0.99 |
| Schubert: The Late String Quartets & String Quintet (3 CD's)                                    |                     0.99 |
| Monteverdi: L'Orfeo                                                                             |                     0.99 |
| Mozart: Chamber Music                                                                           |                     0.99 |
| Koyaanisqatsi (Soundtrack from the Motion Picture)                                              |                     0.99 |
+-------------------------------------------------------------------------------------------------+--------------------------+
347 rows in set (0.00 sec)

mysql> desc Customer
    -> ;
+--------------+-------------+------+-----+---------+----------------+
| Field        | Type        | Null | Key | Default | Extra          |
+--------------+-------------+------+-----+---------+----------------+
| CustomerId   | int         | NO   | PRI | NULL    | auto_increment |
| FirstName    | varchar(40) | NO   |     | NULL    |                |
| LastName     | varchar(20) | NO   |     | NULL    |                |
| Company      | varchar(80) | YES  |     | NULL    |                |
| Address      | varchar(70) | YES  |     | NULL    |                |
| City         | varchar(40) | YES  |     | NULL    |                |
| State        | varchar(40) | YES  |     | NULL    |                |
| Country      | varchar(40) | YES  |     | NULL    |                |
| PostalCode   | varchar(10) | YES  |     | NULL    |                |
| Phone        | varchar(24) | YES  |     | NULL    |                |
| Fax          | varchar(24) | YES  |     | NULL    |                |
| Email        | varchar(60) | NO   |     | NULL    |                |
| SupportRepId | int         | YES  | MUL | NULL    |                |
+--------------+-------------+------+-----+---------+----------------+
13 rows in set (0.00 sec)

mysql> select count(*) from Customer
    -> where City = Berlin;
ERROR 1054 (42S22): Unknown column 'Berlin' in 'where clause'
mysql> select count(*) from Customer where City = 'Berlin';
+----------+
| count(*) |
+----------+
|        2 |
+----------+
1 row in set (0.01 sec)

mysql> show tables
    -> ;
+-------------------+
| Tables_in_Chinook |
+-------------------+
| Album             |
| Artist            |
| Customer          |
| Employee          |
| Genre             |
| Invoice           |
| InvoiceLine       |
| MediaType         |
| Playlist          |
| PlaylistTrack     |
| Track             |
+-------------------+
11 rows in set (0.00 sec)

mysql> desc Invoice
    -> ;
+-------------------+---------------+------+-----+---------+----------------+
| Field             | Type          | Null | Key | Default | Extra          |
+-------------------+---------------+------+-----+---------+----------------+
| InvoiceId         | int           | NO   | PRI | NULL    | auto_increment |
| CustomerId        | int           | NO   | MUL | NULL    |                |
| InvoiceDate       | datetime      | NO   |     | NULL    |                |
| BillingAddress    | varchar(70)   | YES  |     | NULL    |                |
| BillingCity       | varchar(40)   | YES  |     | NULL    |                |
| BillingState      | varchar(40)   | YES  |     | NULL    |                |
| BillingCountry    | varchar(40)   | YES  |     | NULL    |                |
| BillingPostalCode | varchar(10)   | YES  |     | NULL    |                |
| Total             | decimal(10,2) | NO   |     | NULL    |                |
+-------------------+---------------+------+-----+---------+----------------+
9 rows in set (0.00 sec)

mysql> desc InvoiceLine;
+---------------+---------------+------+-----+---------+----------------+
| Field         | Type          | Null | Key | Default | Extra          |
+---------------+---------------+------+-----+---------+----------------+
| InvoiceLineId | int           | NO   | PRI | NULL    | auto_increment |
| InvoiceId     | int           | NO   | MUL | NULL    |                |
| TrackId       | int           | NO   | MUL | NULL    |                |
| UnitPrice     | decimal(10,2) | NO   |     | NULL    |                |
| Quantity      | int           | NO   |     | NULL    |                |
+---------------+---------------+------+-----+---------+----------------+
5 rows in set (0.00 sec)

mysql> select count(*) from Invoice
    -> where ;
ERROR 1064 (42000): You have an error in your SQL syntax; check the manual that corresponds to your MySQL server version for the right syntax to use near '' at line 2
mysql> SELECT SUM(InvoiceLine.UnitPrice * InvoiceLine.Quantity), Track.Name AS Track FROM InvoiceLine
    -> JOIN Track ON InvoiceLine.TrackId = Track.TrackId
    -> WHERE Track.Name = "The Woman King";
+---------------------------------------------------+----------------+
| SUM(InvoiceLine.UnitPrice * InvoiceLine.Quantity) | Track          |
+---------------------------------------------------+----------------+
|                                              3.98 | The Woman King |
+---------------------------------------------------+----------------+
1 row in set (0.01 sec)

mysql> SELECT Artist.Name AS Artist, COUNT(Track.TrackId) AS Track FROM Artist
    -> JOIN Album ON Artist.ArtistId = Album.ArtistId
    -> JOIN Track ON Album.AlbumId = Track.AlbumId
    -> GROUP BY Artist.Name
    -> ORDER BY COUNT(Artist.Name)
    -> DESC LIMIT 5;
+--------------+-------+
| Artist       | Track |
+--------------+-------+
| Iron Maiden  |   213 |
| U2           |   135 |
| Led Zeppelin |   114 |
| Metallica    |   112 |
| Lost         |    92 |
+--------------+-------+
5 rows in set (0.01 sec)

mysql> INSERT INTO MediaType (Name)
    -> VALUES ("Test Media 1");
Query OK, 1 row affected (0.02 sec)

mysql> INSERT INTO Album (Title, ArtistId)
    -> VALUES ("Boy", 150);
Query OK, 1 row affected (0.02 sec)

mysql> SELECT AlbumId FROM Album WHERE Title = "Boy";
+---------+
| AlbumId |
+---------+
|     348 |
+---------+
1 row in set (0.00 sec)

mysql> 
mysql> SELECT MediaTypeId FROM MediaType WHERE Name = "Protected AAC audio file";
+-------------+
| MediaTypeId |
+-------------+
|           2 |
+-------------+
1 row in set (0.00 sec)

mysql> SELECT GenreId FROM Genre WHERE Name = "Rock";
+---------+
| GenreId |
+---------+
|       1 |
+---------+
1 row in set (0.00 sec)

mysql> INSERT INTO Track (Name, AlbumId, MediaTypeId, GenreId, Composer, Milliseconds, Bytes, UnitPrice)
    -> VALUES ("I Will Follow", 348, 2, 1, "U2", 220000, 1234, 0.99);
Query OK, 1 row affected (0.03 sec)

mysql> desc Track
    -> ;
+--------------+---------------+------+-----+---------+----------------+
| Field        | Type          | Null | Key | Default | Extra          |
+--------------+---------------+------+-----+---------+----------------+
| TrackId      | int           | NO   | PRI | NULL    | auto_increment |
| Name         | varchar(200)  | NO   |     | NULL    |                |
| AlbumId      | int           | YES  | MUL | NULL    |                |
| MediaTypeId  | int           | NO   | MUL | NULL    |                |
| GenreId      | int           | YES  | MUL | NULL    |                |
| Composer     | varchar(220)  | YES  |     | NULL    |                |
| Milliseconds | int           | NO   |     | NULL    |                |
| Bytes        | int           | YES  |     | NULL    |                |
| UnitPrice    | decimal(10,2) | NO   |     | NULL    |                |
+--------------+---------------+------+-----+---------+----------------+
9 rows in set (0.00 sec)

mysql> 
mysql> INSERT INTO Track (Name, AlbumId, MediaTypeId, GenreId, Composer, Milliseconds, Bytes, UnitPrice)
    -> VALUES("Extra Track", 348, 2, 1, "U2", 290000, 1234, 0.99);
Query OK, 1 row affected (0.03 sec)

mysql> quit
